Microchip MPLAB XC8 Compiler V1.12 ()

Linker command line:

--edf=C:\Program Files (x86)\Microchip\xc8\v1.12\dat\en_msgs.txt -cs \
  -h+dist/default/production\pid-demo-pic18.X.production.sym -z -Q18F2550 \
  -ol.obj -Mdist/default/production/pid-demo-pic18.X.production.map -E1 \
  -ver=XC8 -ACODE=00h-07FFFh -ACONST=00h-07FFFh \
  -ASMALLCONST=0800h-08FFhx120 -AMEDIUMCONST=0800h-07FFFh -ACOMRAM=01h-05Fh \
  -AABS1=00h-07FFh -ABIGRAM=01h-07FFh -ARAM=060h-0FFh,0100h-01FFhx7 \
  -ABANK0=060h-0FFh -ABANK1=0100h-01FFh -ABANK2=0200h-02FFh \
  -ABANK3=0300h-03FFh -ABANK4=0400h-04FFh -ABANK5=0500h-05FFh \
  -ABANK6=0600h-06FFh -ABANK7=0700h-07FFh -ASFR=0F60h-0FFFh \
  -preset_vec=00h,intcode,intcodelo,powerup,init,end_init -pramtop=0800h \
  -psmallconst=SMALLCONST -pmediumconst=MEDIUMCONST -pconst=CONST \
  -AFARRAM=00h-00h -ACONFIG=0300000h-030000Dh -pconfig=CONFIG \
  -AIDLOC=0200000h-0200007h -pidloc=IDLOC -AEEDATA=0F00000h-0F000FFh \
  -peeprom_data=EEDATA \
  -prdata=COMRAM,nvrram=COMRAM,nvbit=COMRAM,rbss=COMRAM,rbit=COMRAM \
  -pfarbss=FARRAM,fardata=FARRAM \
  -pintsave_regs=BIGRAM,bigbss=BIGRAM,bigdata=BIGRAM -pbss=RAM \
  -pidata=CODE,irdata=CODE,ibigdata=CODE,ifardata=CODE \
  C:\Users\Ruben\AppData\Local\Temp\s4a0.obj \
  dist/default/production\pid-demo-pic18.X.production.obj 

Object code version is 3.10

Machine type is 18F2550

Call graph: (short form)




                Name                               Link     Load   Length Selector   Space Scale
C:\Users\Ruben\AppData\Local\Temp\s4a0.obj
                end_init                              0        0        4        0       0
                idloc                            200000   200000        8   200000       0
                config                           300000   300000        E   300000       0
dist/default/production\pid-demo-pic18.X.production.obj
                smallconst                          800      800        A      400       0
                text28                              E74      E74      23A      405       0
                text27                             2178     2178       3E      405       0
                text26                             1A74     1A74       EE      405       0
                text25                             1F8A     1F8A       6E      405       0
                text24                             2216     2216       2A      405       0
                text23                             16EA     16EA      13E      405       0
                text22                             1E52     1E52       A4      405       0
                text21                             1956     1956      11E      405       0
                text20                             205C     205C       4C      405       0
                text19                             1C46     1C46       BC      405       0
                text18                             227C     227C       10     113E       0
                text17                             20EE     20EE       46      405       0
                text16                             1DAA     1DAA       A8      405       0
                text15                             1EF6     1EF6       94      405       0
                text14                             2258     2258       12      405       0
                text13                             1D02     1D02       A8      405       0
                text12                             10AE     10AE      1DA      405       0
                text11                             1B62     1B62       E4      405       0
                text10                             21EC     21EC       2A      405       0
                text9                              2240     2240       18      405       0
                text8                               80A      80A      424      405       0
                text7                              2134     2134       44      405       0
                text6                              1448     1448      15C      405       0
                text5                               C2E      C2E      246      405       0
                text4                              15A4     15A4      146      405       0
                text3                              1828     1828      12E      405       0
                text2                              1FF8     1FF8       64      405       0
                text1                              20A8     20A8       46      405       0
                text0                              1288     1288      1C0      405       0
                cstackCOMRAM                          1        1       5F        1       1
                cstackBANK0                          B1       B1        8       60       1
                dataBANK0                            A0       A0       11       60       1
                bssBANK0                             60       60       40       60       1
                cinit                              21B6     21B6       36      405       0
                nvBANK0                              B9       B9        1       60       1
                idataBANK0                         226A     226A       11      405       0

TOTAL           Name                               Link     Load   Length     Space
        CLASS   CODE           
                end_init                              0        0        4         0
                text28                              E74      E74      23A         0
                text27                             2178     2178       3E         0
                text26                             1A74     1A74       EE         0
                text25                             1F8A     1F8A       6E         0
                text24                             2216     2216       2A         0
                text23                             16EA     16EA      13E         0
                text22                             1E52     1E52       A4         0
                text21                             1956     1956      11E         0
                text20                             205C     205C       4C         0
                text19                             1C46     1C46       BC         0
                text18                             227C     227C       10         0
                text17                             20EE     20EE       46         0
                text16                             1DAA     1DAA       A8         0
                text15                             1EF6     1EF6       94         0
                text14                             2258     2258       12         0
                text13                             1D02     1D02       A8         0
                text12                             10AE     10AE      1DA         0
                text11                             1B62     1B62       E4         0
                text10                             21EC     21EC       2A         0
                text9                              2240     2240       18         0
                text8                               80A      80A      424         0
                text7                              2134     2134       44         0
                text6                              1448     1448      15C         0
                text5                               C2E      C2E      246         0
                text4                              15A4     15A4      146         0
                text3                              1828     1828      12E         0
                text2                              1FF8     1FF8       64         0
                text1                              20A8     20A8       46         0
                text0                              1288     1288      1C0         0
                cinit                              21B6     21B6       36         0
                idataBANK0                         226A     226A       11         0

        CLASS   CONST          

        CLASS   SMALLCONST     
                smallconst                          800      800        A         0

        CLASS   MEDIUMCONST    

        CLASS   COMRAM         
                cstackCOMRAM                          1        1       5F         1

        CLASS   ABS1           

        CLASS   BIGRAM         

        CLASS   RAM            

        CLASS   BANK0          
                cstackBANK0                          B1       B1        8         1
                dataBANK0                            A0       A0       11         1
                bssBANK0                             60       60       40         1
                nvBANK0                              B9       B9        1         1

        CLASS   BANK1          

        CLASS   BANK2          

        CLASS   BANK3          

        CLASS   BANK4          

        CLASS   BANK5          

        CLASS   BANK6          

        CLASS   BANK7          

        CLASS   SFR            

        CLASS   FARRAM         

        CLASS   CONFIG         
                config                           300000   300000        E         0

        CLASS   IDLOC          
                idloc                            200000   200000        8         0

        CLASS   EEDATA         



SEGMENTS        Name                           Load    Length   Top    Selector   Space  Class

                reset_vec                      000000  000004  000004         0       0  CODE    
                cstackCOMRAM                   000001  00005F  000060         1       1  COMRAM  
                bssBANK0                       000060  00005A  0000BA        60       1  BANK0   
                smallconst                     000800  00000A  00080A       400       0  SMALLCON
                text8                          00080A  001A71  00227B       405       0  CODE    
                text18                         00227C  000010  00228C      113E       0  CODE    
                idloc                          200000  000008  200008    200000       0  IDLOC   
                config                         300000  00000E  30000E    300000       0  CONFIG  


UNUSED ADDRESS RANGES

        Name                Unused          Largest block    Delta
        BANK0            0000BA-0000FF               46
        BANK1            000100-0001FF              100
        BANK2            000200-0002FF              100
        BANK3            000300-0003FF              100
        BANK4            000400-0004FF              100
        BANK5            000500-0005FF              100
        BANK6            000600-0006FF              100
        BANK7            000700-0007FF              100
        BIGRAM           0000BA-0007FF              746
        CODE             000004-0007FF              7FC
                         00227B-00227B                1
                         00228C-007FFF             5D74
        CONST            000004-0007FF              7FC
                         00227B-00227B                1
                         00228C-007FFF             5D74
        EEDATA           F00000-F000FF              100
        MEDIUMCONST      00227B-00227B                1
                         00228C-007FFF             5D74
        RAM              0000BA-0007FF              100
        SFR              000F60-000FFF               A0
        SMALLCONST       00227B-00227B                1
                         00228C-007FFF              100

                                  Symbol Table

?___asftadd                  cstackCOMRAM 000035
?___awdiv                    cstackCOMRAM 000001
?___awtoft                   cstackCOMRAM 000011
?___ftadd                    cstackCOMRAM 000027
?___ftdiv                    cstackCOMRAM 000012
?___ftge                     cstackCOMRAM 000001
?___ftmul                    cstackCOMRAM 000016
?___ftneg                    cstackCOMRAM 000009
?___ftpack                   cstackCOMRAM 000001
?___lltoft                   cstackCOMRAM 000009
?_io_mode                    cstackCOMRAM 00000A
?_io_write                   cstackCOMRAM 00000A
?_pid_auto                   cstackCOMRAM 00000A
?_pid_compute                cstackCOMRAM 00003A
?_pid_create                 cstackCOMRAM 000035
?_pid_direction              cstackCOMRAM 00000C
?_pid_limits                 cstackCOMRAM 00000A
?_pid_tune                   cstackCOMRAM 000027
?_spi_available              cstackCOMRAM 000001
?_spi_control                cstackCOMRAM 000001
?_spi_init                   cstackCOMRAM 00000F
?_spi_open                   cstackCOMRAM 000001
?_spi_read_array             cstackCOMRAM 000002
?_tc_init                    cstackCOMRAM 000011
?_tc_read                    cstackCOMRAM 000027
?_tc_read_float              cstackCOMRAM 00002C
?_tick_get                   cstackCOMRAM 000001
_INTCON2bits                 (abs)        000FF1
_INTCONbits                  (abs)        000FF2
_PORTA                       (abs)        000F80
_PORTB                       (abs)        000F81
_PORTC                       (abs)        000F82
_PORTE                       (abs)        000F84
_SSPBUF                      (abs)        000FC9
_SSPCON1                     (abs)        000FC6
_SSPCON1bits                 (abs)        000FC6
_SSPSTAT                     (abs)        000FC7
_SSPSTATbits                 (abs)        000FC7
_T0CON                       (abs)        000FD5
_TMR0H                       (abs)        000FD7
_TMR0L                       (abs)        000FD6
_TRISA                       (abs)        000F92
_TRISB                       (abs)        000F93
_TRISC                       (abs)        000F94
__CFG_BOR$OFF                (abs)        000000
__CFG_BORV$3                 (abs)        000000
__CFG_CCP2MX$OFF             (abs)        000000
__CFG_CP0$OFF                (abs)        000000
__CFG_CP1$OFF                (abs)        000000
__CFG_CP2$OFF                (abs)        000000
__CFG_CP3$OFF                (abs)        000000
__CFG_CPB$OFF                (abs)        000000
__CFG_CPD$OFF                (abs)        000000
__CFG_CPUDIV$OSC1_PLL2       (abs)        000000
__CFG_EBTR0$OFF              (abs)        000000
__CFG_EBTR1$OFF              (abs)        000000
__CFG_EBTR2$OFF              (abs)        000000
__CFG_EBTR3$OFF              (abs)        000000
__CFG_EBTRB$OFF              (abs)        000000
__CFG_FCMEN$OFF              (abs)        000000
__CFG_FOSC$EC_EC             (abs)        000000
__CFG_IESO$OFF               (abs)        000000
__CFG_LPT1OSC$OFF            (abs)        000000
__CFG_LVP$OFF                (abs)        000000
__CFG_MCLRE$ON               (abs)        000000
__CFG_PBADEN$OFF             (abs)        000000
__CFG_PLLDIV$1               (abs)        000000
__CFG_PWRT$OFF               (abs)        000000
__CFG_STVREN$ON              (abs)        000000
__CFG_USBDIV$1               (abs)        000000
__CFG_VREGEN$ON              (abs)        000000
__CFG_WDT$OFF                (abs)        000000
__CFG_WDTPS$32768            (abs)        000000
__CFG_WRT0$OFF               (abs)        000000
__CFG_WRT1$OFF               (abs)        000000
__CFG_WRT2$OFF               (abs)        000000
__CFG_WRT3$OFF               (abs)        000000
__CFG_WRTB$OFF               (abs)        000000
__CFG_WRTC$OFF               (abs)        000000
__CFG_WRTD$OFF               (abs)        000000
__CFG_XINST$OFF              (abs)        000000
__HRAM                       (abs)        000000
__Habs1                      abs1         000000
__Hbank0                     bank0        000000
__Hbank1                     bank1        000000
__Hbank2                     bank2        000000
__Hbank3                     bank3        000000
__Hbank4                     bank4        000000
__Hbank5                     bank5        000000
__Hbank6                     bank6        000000
__Hbank7                     bank7        000000
__Hbigbss                    bigbss       000000
__Hbigdata                   bigdata      000000
__Hbigram                    bigram       000000
__Hbss                       bss          000000
__HbssBANK0                  bssBANK0     000000
__Hcinit                     cinit        000000
__Hclrtext                   clrtext      000000
__Hcomram                    comram       000000
__Hconfig                    config       30000E
__Hconst                     const        000000
__HcstackBANK0               cstackBANK0  000000
__HcstackCOMRAM              cstackCOMRAM 000000
__Hdata                      data         000000
__HdataBANK0                 dataBANK0    000000
__Heeprom_data               eeprom_data  000000
__Hend_init                  end_init     000004
__Hfarbss                    farbss       000000
__Hfardata                   fardata      000000
__Hibigdata                  ibigdata     000000
__Hidata                     idata        000000
__HidataBANK0                idataBANK0   000000
__Hidloc                     idloc        200008
__Hifardata                  ifardata     000000
__Hinit                      init         000000
__Hintcode                   intcode      000000
__Hintcode_body              intcode_body 000000
__Hintcodelo                 intcodelo    000000
__Hintentry                  intentry     000000
__Hintret                    intret       000000
__Hintsave_regs              intsave_regs 000000
__Hirdata                    irdata       000000
__Hmediumconst               mediumconst  000000
__HnvBANK0                   nvBANK0      000000
__Hnvbit                     nvbit        000000
__Hnvrram                    nvrram       000000
__Hparam                     rparam       000000
__Hpowerup                   powerup      000000
__Hram                       ram          000000
__Hramtop                    ramtop       000800
__Hrbit                      rbit         000000
__Hrbss                      rbss         000000
__Hrdata                     rdata        000000
__Hreset_vec                 reset_vec    000000
__Hrparam                    rparam       000000
__Hsfr                       sfr          000000
__Hsmallconst                smallconst   00080A
__Hstruct                    struct       000000
__Htemp                      temp         000000
__Htext                      text         000000
__Htext0                     text0        000000
__Htext1                     text1        000000
__Htext10                    text10       000000
__Htext11                    text11       000000
__Htext12                    text12       000000
__Htext13                    text13       000000
__Htext14                    text14       000000
__Htext15                    text15       000000
__Htext16                    text16       000000
__Htext17                    text17       000000
__Htext18                    text18       000000
__Htext19                    text19       000000
__Htext2                     text2        000000
__Htext20                    text20       000000
__Htext21                    text21       000000
__Htext22                    text22       000000
__Htext23                    text23       000000
__Htext24                    text24       000000
__Htext25                    text25       000000
__Htext26                    text26       000000
__Htext27                    text27       000000
__Htext28                    text28       000000
__Htext3                     text3        000000
__Htext4                     text4        000000
__Htext5                     text5        000000
__Htext6                     text6        000000
__Htext7                     text7        000000
__Htext8                     text8        000000
__Htext9                     text9        000000
__LRAM                       (abs)        000001
__Labs1                      abs1         000000
__Lbank0                     bank0        000000
__Lbank1                     bank1        000000
__Lbank2                     bank2        000000
__Lbank3                     bank3        000000
__Lbank4                     bank4        000000
__Lbank5                     bank5        000000
__Lbank6                     bank6        000000
__Lbank7                     bank7        000000
__Lbigbss                    bigbss       000000
__Lbigdata                   bigdata      000000
__Lbigram                    bigram       000000
__Lbss                       bss          000000
__LbssBANK0                  bssBANK0     000000
__Lcinit                     cinit        000000
__Lclrtext                   clrtext      000000
__Lcomram                    comram       000000
__Lconfig                    config       300000
__Lconst                     const        000000
__LcstackBANK0               cstackBANK0  000000
__LcstackCOMRAM              cstackCOMRAM 000000
__Ldata                      data         000000
__LdataBANK0                 dataBANK0    000000
__Leeprom_data               eeprom_data  000000
__Lend_init                  end_init     000000
__Lfarbss                    farbss       000000
__Lfardata                   fardata      000000
__Libigdata                  ibigdata     000000
__Lidata                     idata        000000
__LidataBANK0                idataBANK0   000000
__Lidloc                     idloc        200000
__Lifardata                  ifardata     000000
__Linit                      init         000000
__Lintcode                   intcode      000000
__Lintcode_body              intcode_body 000000
__Lintcodelo                 intcodelo    000000
__Lintentry                  intentry     000000
__Lintret                    intret       000000
__Lintsave_regs              intsave_regs 000000
__Lirdata                    irdata       000000
__Lmediumconst               mediumconst  000000
__LnvBANK0                   nvBANK0      000000
__Lnvbit                     nvbit        000000
__Lnvrram                    nvrram       000000
__Lparam                     rparam       000000
__Lpowerup                   powerup      000000
__Lram                       ram          000000
__Lramtop                    ramtop       000800
__Lrbit                      rbit         000000
__Lrbss                      rbss         000000
__Lrdata                     rdata        000000
__Lreset_vec                 reset_vec    000000
__Lrparam                    rparam       000000
__Lsfr                       sfr          000000
__Lsmallconst                smallconst   000800
__Lstruct                    struct       000000
__Ltemp                      temp         000000
__Ltext                      text         000000
__Ltext0                     text0        000000
__Ltext1                     text1        000000
__Ltext10                    text10       000000
__Ltext11                    text11       000000
__Ltext12                    text12       000000
__Ltext13                    text13       000000
__Ltext14                    text14       000000
__Ltext15                    text15       000000
__Ltext16                    text16       000000
__Ltext17                    text17       000000
__Ltext18                    text18       000000
__Ltext19                    text19       000000
__Ltext2                     text2        000000
__Ltext20                    text20       000000
__Ltext21                    text21       000000
__Ltext22                    text22       000000
__Ltext23                    text23       000000
__Ltext24                    text24       000000
__Ltext25                    text25       000000
__Ltext26                    text26       000000
__Ltext27                    text27       000000
__Ltext28                    text28       000000
__Ltext3                     text3        000000
__Ltext4                     text4        000000
__Ltext5                     text5        000000
__Ltext6                     text6        000000
__Ltext7                     text7        000000
__Ltext8                     text8        000000
__Ltext9                     text9        000000
__S0                         (abs)        30000E
__S1                         (abs)        0000BA
___asftadd                   text27       002178
___asftadd@f1p               cstackCOMRAM 000035
___asftadd@f2                cstackCOMRAM 000037
___awdiv                     text19       001C46
___awdiv@counter             cstackCOMRAM 000006
___awdiv@dividend            cstackCOMRAM 000001
___awdiv@divisor             cstackCOMRAM 000003
___awdiv@quotient            cstackCOMRAM 000008
___awdiv@sign                cstackCOMRAM 000007
___awtoft                    text20       00205C
___awtoft@c                  cstackCOMRAM 000011
___awtoft@sign               cstackCOMRAM 000015
___ftadd                     text28       000E74
___ftadd@exp1                cstackCOMRAM 000034
___ftadd@exp2                cstackCOMRAM 000033
___ftadd@f1                  cstackCOMRAM 000027
___ftadd@f2                  cstackCOMRAM 00002A
___ftadd@sign                cstackCOMRAM 000032
___ftdiv                     text21       001956
___ftdiv@cntr                cstackCOMRAM 00001D
___ftdiv@exp                 cstackCOMRAM 000021
___ftdiv@f1                  cstackCOMRAM 000012
___ftdiv@f2                  cstackCOMRAM 000015
___ftdiv@f3                  cstackCOMRAM 00001E
___ftdiv@sign                cstackCOMRAM 000022
___ftge                      text22       001E52
___ftge@ff1                  cstackCOMRAM 000001
___ftge@ff2                  cstackCOMRAM 000004
___ftmul                     text23       0016EA
___ftmul@cntr                cstackCOMRAM 000025
___ftmul@exp                 cstackCOMRAM 000021
___ftmul@f1                  cstackCOMRAM 000016
___ftmul@f2                  cstackCOMRAM 000019
___ftmul@f3_as_product       cstackCOMRAM 000022
___ftmul@sign                cstackCOMRAM 000026
___ftneg                     text24       002216
___ftneg@f1                  cstackCOMRAM 000009
___ftpack                    text26       001A74
___ftpack@arg                cstackCOMRAM 000001
___ftpack@exp                cstackCOMRAM 000004
___ftpack@sign               cstackCOMRAM 000005
___lltoft                    text25       001F8A
___lltoft@c                  cstackCOMRAM 000009
___lltoft@exp                cstackCOMRAM 000011
__accesstop                  (abs)        000060
__activetblptr               (abs)        000002
__end_of___asftadd           text27       0021B6
__end_of___awdiv             text19       001D02
__end_of___awtoft            text20       0020A8
__end_of___ftadd             text28       0010AE
__end_of___ftdiv             text21       001A74
__end_of___ftge              text22       001EF6
__end_of___ftmul             text23       001828
__end_of___ftneg             text24       002240
__end_of___ftpack            text26       001B62
__end_of___lltoft            text25       001FF8
__end_of__initialization     cinit        0021E2
__end_of_io_mode             text13       001DAA
__end_of_io_write            text16       001E52
__end_of_main                text0        001448
__end_of_mask                smallconst   000808
__end_of_pid_auto            text6        0015A4
__end_of_pid_compute         text8        000C2E
__end_of_pid_create          text4        0016EA
__end_of_pid_direction       text11       001C46
__end_of_pid_limits          text5        000E74
__end_of_pid_tune            text12       001288
__end_of_spi_available       text18       00228C
__end_of_spi_control         text3        001956
__end_of_spi_init            text1        0020EE
__end_of_spi_open            text14       00226A
__end_of_spi_read_array      text17       002134
__end_of_tc_init             text2        00205C
__end_of_tc_read             text15       001F8A
__end_of_tc_read_float       text7        002178
__end_of_tick_get            text9        002258
__end_of_tick_read_internal  text10       002216
__initialization             cinit        0021B6
__mediumconst                mediumconst  000000
__pbssBANK0                  bssBANK0     000060
__pcinit                     cinit        0021B6
__pcstackBANK0               cstackBANK0  0000B1
__pcstackCOMRAM              cstackCOMRAM 000001
__pdataBANK0                 dataBANK0    0000A0
__pidataBANK0                idataBANK0   00226A
__pnvBANK0                   nvBANK0      0000B9
__psmallconst                smallconst   000800
__ptext0                     text0        001288
__ptext1                     text1        0020A8
__ptext10                    text10       0021EC
__ptext11                    text11       001B62
__ptext12                    text12       0010AE
__ptext13                    text13       001D02
__ptext14                    text14       002258
__ptext15                    text15       001EF6
__ptext16                    text16       001DAA
__ptext17                    text17       0020EE
__ptext18                    text18       00227C
__ptext19                    text19       001C46
__ptext2                     text2        001FF8
__ptext20                    text20       00205C
__ptext21                    text21       001956
__ptext22                    text22       001E52
__ptext23                    text23       0016EA
__ptext24                    text24       002216
__ptext25                    text25       001F8A
__ptext26                    text26       001A74
__ptext27                    text27       002178
__ptext28                    text28       000E74
__ptext3                     text3        001828
__ptext4                     text4        0015A4
__ptext5                     text5        000C2E
__ptext6                     text6        001448
__ptext7                     text7        002134
__ptext8                     text8        00080A
__ptext9                     text9        002240
__ramtop                     ramtop       000800
__size_of___asftadd          (abs)        000000
__size_of___awdiv            (abs)        000000
__size_of___awtoft           (abs)        000000
__size_of___ftadd            (abs)        000000
__size_of___ftdiv            (abs)        000000
__size_of___ftge             (abs)        000000
__size_of___ftmul            (abs)        000000
__size_of___ftneg            (abs)        000000
__size_of___ftpack           (abs)        000000
__size_of___lltoft           (abs)        000000
__size_of_io_mode            (abs)        000000
__size_of_io_write           (abs)        000000
__size_of_main               (abs)        000000
__size_of_pid_auto           (abs)        000000
__size_of_pid_compute        (abs)        000000
__size_of_pid_create         (abs)        000000
__size_of_pid_direction      (abs)        000000
__size_of_pid_limits         (abs)        000000
__size_of_pid_tune           (abs)        000000
__size_of_spi_available      (abs)        000000
__size_of_spi_control        (abs)        000000
__size_of_spi_init           (abs)        000000
__size_of_spi_open           (abs)        000000
__size_of_spi_read_array     (abs)        000000
__size_of_tc_init            (abs)        000000
__size_of_tc_read            (abs)        000000
__size_of_tc_read_float      (abs)        000000
__size_of_tick_get           (abs)        000000
__size_of_tick_read_internal (abs)        000000
__smallconst                 smallconst   000800
_in                          bssBANK0     000098
_inuse                       bssBANK0     000072
_io_mode                     text13       001D02
_io_write                    text16       001DAA
_lastrun                     bssBANK0     000066
_main                        text0        001288
_mask                        smallconst   000800
_out                         bssBANK0     00009B
_pid                         bssBANK0     00006E
_pid_auto                    text6        001448
_pid_compute                 text8        00080A
_pid_compute$1330            cstackCOMRAM 00004B
_pid_create                  text4        0015A4
_pid_direction               text11       001B62
_pid_limits                  text5        000C2E
_pid_tune                    text12       0010AE
_pidctrl                     bssBANK0     000073
_portptrs                    dataBANK0    0000A0
_sensor1                     bssBANK0     00009E
_sensor2                     bssBANK0     000070
_set                         dataBANK0    0000AE
_spi                         nvBANK0      0000B9
_spi_available               text18       00227C
_spi_control                 text3        001828
_spi_init                    text1        0020A8
_spi_open                    text14       002258
_spi_read_array              text17       0020EE
_tc_init                     text2        001FF8
_tc_read                     text15       001EF6
_tc_read_float               text7        002134
_tick_get                    text9        002240
_tick_read_internal          text10       0021EC
_tickbuffer                  bssBANK0     000060
_tickcnt                     bssBANK0     00006A
_trisptrs                    dataBANK0    0000A8
end_of_initialization        cinit        0021E2
intlevel0                    text         000000
intlevel1                    text         000000
intlevel2                    text         000000
intlevel3                    text         000000
io_mode@now                  cstackCOMRAM 00000E
io_mode@num                  cstackCOMRAM 000010
io_mode@pin                  cstackCOMRAM 00000A
io_mode@port                 cstackCOMRAM 00000F
io_mode@value                cstackCOMRAM 00000B
io_write@now                 cstackCOMRAM 00000E
io_write@num                 cstackCOMRAM 000010
io_write@pin                 cstackCOMRAM 00000A
io_write@port                cstackCOMRAM 00000F
io_write@value               cstackCOMRAM 00000B
pid_auto@pid                 cstackCOMRAM 00000A
pid_compute@dinput           cstackCOMRAM 000048
pid_compute@error            cstackCOMRAM 000052
pid_compute@in               cstackCOMRAM 000055
pid_compute@now              cstackCOMRAM 00004E
pid_compute@out              cstackCOMRAM 000058
pid_compute@pid              cstackCOMRAM 00003A
pid_create@in                cstackCOMRAM 000037
pid_create@kd                cstackCOMRAM 000043
pid_create@ki                cstackCOMRAM 000040
pid_create@kp                cstackCOMRAM 00003D
pid_create@out               cstackCOMRAM 000039
pid_create@pid               cstackCOMRAM 000035
pid_create@set               cstackCOMRAM 00003B
pid_direction@direction      cstackCOMRAM 00000E
pid_direction@pid            cstackCOMRAM 00000C
pid_limits@max               cstackCOMRAM 00000F
pid_limits@min               cstackCOMRAM 00000C
pid_limits@pid               cstackCOMRAM 00000A
pid_tune@kd                  cstackCOMRAM 00002F
pid_tune@ki                  cstackCOMRAM 00002C
pid_tune@kp                  cstackCOMRAM 000029
pid_tune@pid                 cstackCOMRAM 000027
pid_tune@ssec                cstackCOMRAM 000032
spi_control@arg              cstackCOMRAM 000006
spi_control@ctrl             cstackCOMRAM 000002
spi_control@speed            cstackCOMRAM 00000E
spi_control@spid             cstackCOMRAM 000001
spi_init@eModule             cstackCOMRAM 00000F
spi_read_array@len           cstackCOMRAM 000005
spi_read_array@rxbuf         cstackCOMRAM 000003
spi_read_array@spid          cstackCOMRAM 000002
start                        init         000000
start_initialization         cinit        0021B6
tc_init@cspin                cstackCOMRAM 000012
tc_init@spid                 cstackCOMRAM 000011
tc_init@tcpl                 cstackCOMRAM 000014
tc_read@buf                  cstackCOMRAM 00002A
tc_read@tcpl                 cstackCOMRAM 000027
tc_read_float@tcpl           cstackCOMRAM 00002C


FUNCTION INFORMATION:

 *************** function _main *****************
 Defined at:
		line 82 in file "main.c"
 Parameters:    Size  Location     Type
  argc            2   90[COMRAM] int 
  argv            3   92[COMRAM] PTR PTR unsigned char 
 Auto vars:     Size  Location     Type
		None
 Return value:  Size  Location     Type
                  2   90[COMRAM] int 
 Registers used:
		wreg, fsr1l, fsr1h, fsr2l, fsr2h, status,2, status,0, tblptrl, tblptrh, tblptru, prodl, prodh, cstack
 Tracked objects:
		On entry : 
		On exit  : 
		Unchanged: 
 Data sizes:     COMRAM   BANK0   BANK1   BANK2   BANK3   BANK4   BANK5   BANK6   BANK7
      Params:         5       0       0       0       0       0       0       0       0
      Locals:         0       0       0       0       0       0       0       0       0
      Temps:          0       8       0       0       0       0       0       0       0
      Totals:         5       8       0       0       0       0       0       0       0
Total ram usage:       13 bytes
 Hardware stack levels required when called:    4
 This function calls:
		_spi_init
		_spi_control
		_tc_init
		_pid_create
		_pid_limits
		_pid_auto
		_tick_get
		_tc_read_float
		_pid_compute
 This function is called by:
		Startup code after reset
 This function uses a non-reentrant model


 *************** function _spi_init *****************
 Defined at:
		line 27 in file "C:/Users/Ruben/Dropbox/Electronics/MCULib/PID/SPI/SPI-PIC16.c"
 Parameters:    Size  Location     Type
  eModule         1   14[COMRAM] enum E4685
 Auto vars:     Size  Location     Type
		None
 Return value:  Size  Location     Type
                  1    wreg      unsigned char 
 Registers used:
		wreg, status,2, status,0, cstack
 Tracked objects:
		On entry : 
		On exit  : 
		Unchanged: 
 Data sizes:     COMRAM   BANK0   BANK1   BANK2   BANK3   BANK4   BANK5   BANK6   BANK7
      Params:         1       0       0       0       0       0       0       0       0
      Locals:         0       0       0       0       0       0       0       0       0
      Temps:          0       0       0       0       0       0       0       0       0
      Totals:         1       0       0       0       0       0       0       0       0
Total ram usage:        1 bytes
 Hardware stack levels used:    1
 Hardware stack levels required when called:    1
 This function calls:
		_spi_control
 This function is called by:
		_main
 This function uses a non-reentrant model


 *************** function _tc_init *****************
 Defined at:
		line 4 in file "tc.c"
 Parameters:    Size  Location     Type
  spid            1   16[COMRAM] unsigned char 
  cspin           1   17[COMRAM] unsigned char 
 Auto vars:     Size  Location     Type
  tcpl            2   19[COMRAM] struct thermocuple_struc
 Return value:  Size  Location     Type
                  2   16[COMRAM] struct thermocuple_struc
 Registers used:
		wreg, fsr2l, fsr2h, status,2, status,0, tblptrl, tblptrh, tblptru, prodl, prodh, cstack
 Tracked objects:
		On entry : 
		On exit  : 
		Unchanged: 
 Data sizes:     COMRAM   BANK0   BANK1   BANK2   BANK3   BANK4   BANK5   BANK6   BANK7
      Params:         2       0       0       0       0       0       0       0       0
      Locals:         2       0       0       0       0       0       0       0       0
      Temps:          1       0       0       0       0       0       0       0       0
      Totals:         5       0       0       0       0       0       0       0       0
Total ram usage:        5 bytes
 Hardware stack levels used:    1
 Hardware stack levels required when called:    2
 This function calls:
		_io_write
		_io_mode
		_spi_control
		_spi_open
 This function is called by:
		_main
 This function uses a non-reentrant model


 *************** function _spi_control *****************
 Defined at:
		line 42 in file "C:/Users/Ruben/Dropbox/Electronics/MCULib/PID/SPI/SPI-PIC16.c"
 Parameters:    Size  Location     Type
  spid            1    0[COMRAM] unsigned char 
  ctrl            4    1[COMRAM] unsigned long 
  arg             4    5[COMRAM] unsigned long 
 Auto vars:     Size  Location     Type
  speed           1   13[COMRAM] unsigned char 
 Return value:  Size  Location     Type
                  1    wreg      unsigned char 
 Registers used:
		wreg, status,2, status,0
 Tracked objects:
		On entry : 
		On exit  : 
		Unchanged: 
 Data sizes:     COMRAM   BANK0   BANK1   BANK2   BANK3   BANK4   BANK5   BANK6   BANK7
      Params:         9       0       0       0       0       0       0       0       0
      Locals:         1       0       0       0       0       0       0       0       0
      Temps:          4       0       0       0       0       0       0       0       0
      Totals:        14       0       0       0       0       0       0       0       0
Total ram usage:       14 bytes
 Hardware stack levels used:    1
 This function calls:
		Nothing
 This function is called by:
		_main
		_tc_init
		_spi_init
 This function uses a non-reentrant model


 *************** function _pid_create *****************
 Defined at:
		line 25 in file "C:/Users/Ruben/Dropbox/Electronics/MCULib/PID/PID.c"
 Parameters:    Size  Location     Type
  pid             2   52[COMRAM] PTR struct pid_controlle
		 -> pidctrl(37), 
  in              2   54[COMRAM] PTR float 
		 -> in(3), 
  out             2   56[COMRAM] PTR float 
		 -> out(3), 
  set             2   58[COMRAM] PTR float 
		 -> set(3), 
  kp              3   60[COMRAM] float 
  ki              3   63[COMRAM] float 
  kd              3   66[COMRAM] float 
 Auto vars:     Size  Location     Type
		None
 Return value:  Size  Location     Type
                  2   52[COMRAM] PTR struct pid_controlle
 Registers used:
		wreg, fsr1l, fsr1h, fsr2l, fsr2h, status,2, status,0, cstack
 Tracked objects:
		On entry : 
		On exit  : 
		Unchanged: 
 Data sizes:     COMRAM   BANK0   BANK1   BANK2   BANK3   BANK4   BANK5   BANK6   BANK7
      Params:        17       0       0       0       0       0       0       0       0
      Locals:         0       0       0       0       0       0       0       0       0
      Temps:          8       0       0       0       0       0       0       0       0
      Totals:        25       0       0       0       0       0       0       0       0
Total ram usage:       25 bytes
 Hardware stack levels used:    1
 Hardware stack levels required when called:    3
 This function calls:
		_pid_limits
		_pid_direction
		_pid_tune
		_tick_get
 This function is called by:
		_main
 This function uses a non-reentrant model


 *************** function _pid_limits *****************
 Defined at:
		line 106 in file "C:/Users/Ruben/Dropbox/Electronics/MCULib/PID/PID.c"
 Parameters:    Size  Location     Type
  pid             2    9[COMRAM] PTR struct pid_controlle
		 -> pidctrl(37), NULL(0), 
  min             3   11[COMRAM] float 
  max             3   14[COMRAM] float 
 Auto vars:     Size  Location     Type
		None
 Return value:  Size  Location     Type
		None               void
 Registers used:
		wreg, fsr1l, fsr1h, fsr2l, fsr2h, status,2, status,0, cstack
 Tracked objects:
		On entry : 
		On exit  : 
		Unchanged: 
 Data sizes:     COMRAM   BANK0   BANK1   BANK2   BANK3   BANK4   BANK5   BANK6   BANK7
      Params:         8       0       0       0       0       0       0       0       0
      Locals:         0       0       0       0       0       0       0       0       0
      Temps:          2       0       0       0       0       0       0       0       0
      Totals:        10       0       0       0       0       0       0       0       0
Total ram usage:       10 bytes
 Hardware stack levels used:    1
 Hardware stack levels required when called:    1
 This function calls:
		___ftge
 This function is called by:
		_main
		_pid_create
 This function uses a non-reentrant model


 *************** function _pid_auto *****************
 Defined at:
		line 125 in file "C:/Users/Ruben/Dropbox/Electronics/MCULib/PID/PID.c"
 Parameters:    Size  Location     Type
  pid             2    9[COMRAM] PTR struct pid_controlle
		 -> pidctrl(37), NULL(0), 
 Auto vars:     Size  Location     Type
		None
 Return value:  Size  Location     Type
		None               void
 Registers used:
		wreg, fsr1l, fsr1h, fsr2l, fsr2h, status,2, status,0, cstack
 Tracked objects:
		On entry : 
		On exit  : 
		Unchanged: 
 Data sizes:     COMRAM   BANK0   BANK1   BANK2   BANK3   BANK4   BANK5   BANK6   BANK7
      Params:         2       0       0       0       0       0       0       0       0
      Locals:         0       0       0       0       0       0       0       0       0
      Temps:          2       0       0       0       0       0       0       0       0
      Totals:         4       0       0       0       0       0       0       0       0
Total ram usage:        4 bytes
 Hardware stack levels used:    1
 Hardware stack levels required when called:    1
 This function calls:
		___ftge
 This function is called by:
		_main
 This function uses a non-reentrant model


 *************** function _tc_read_float *****************
 Defined at:
		line 41 in file "tc.c"
 Parameters:    Size  Location     Type
  tcpl            2   43[COMRAM] PTR struct thermocuple_s
		 -> sensor1(2), 
 Auto vars:     Size  Location     Type
		None
 Return value:  Size  Location     Type
                  3   43[COMRAM] float 
 Registers used:
		wreg, fsr2l, fsr2h, status,2, status,0, tblptrl, tblptrh, tblptru, prodl, prodh, cstack
 Tracked objects:
		On entry : 
		On exit  : 
		Unchanged: 
 Data sizes:     COMRAM   BANK0   BANK1   BANK2   BANK3   BANK4   BANK5   BANK6   BANK7
      Params:         3       0       0       0       0       0       0       0       0
      Locals:         0       0       0       0       0       0       0       0       0
      Temps:          0       0       0       0       0       0       0       0       0
      Totals:         3       0       0       0       0       0       0       0       0
Total ram usage:        3 bytes
 Hardware stack levels used:    1
 Hardware stack levels required when called:    3
 This function calls:
		_tc_read
		___awtoft
		___ftmul
 This function is called by:
		_main
 This function uses a non-reentrant model


 *************** function _pid_compute *****************
 Defined at:
		line 42 in file "C:/Users/Ruben/Dropbox/Electronics/MCULib/PID/PID.c"
 Parameters:    Size  Location     Type
  pid             2   57[COMRAM] PTR struct pid_controlle
		 -> pidctrl(37), NULL(0), 
 Auto vars:     Size  Location     Type
  out             3   87[COMRAM] float 
  in              3   84[COMRAM] float 
  error           3   81[COMRAM] float 
  dinput          3   71[COMRAM] float 
  now             4   77[COMRAM] unsigned long 
 Return value:  Size  Location     Type
                  1    wreg      unsigned char 
 Registers used:
		wreg, fsr1l, fsr1h, fsr2l, fsr2h, status,2, status,0, cstack
 Tracked objects:
		On entry : 
		On exit  : 
		Unchanged: 
 Data sizes:     COMRAM   BANK0   BANK1   BANK2   BANK3   BANK4   BANK5   BANK6   BANK7
      Params:         2       0       0       0       0       0       0       0       0
      Locals:        19       0       0       0       0       0       0       0       0
      Temps:         12       0       0       0       0       0       0       0       0
      Totals:        33       0       0       0       0       0       0       0       0
Total ram usage:       33 bytes
 Hardware stack levels used:    1
 Hardware stack levels required when called:    3
 This function calls:
		_tick_get
		___ftneg
		___ftadd
		___ftmul
		___asftadd
		___ftge
 This function is called by:
		_main
 This function uses a non-reentrant model


 *************** function _tick_get *****************
 Defined at:
		line 43 in file "C:/Users/Ruben/Dropbox/Electronics/MCULib/PID/Tick/Tick-PIC18.c"
 Parameters:    Size  Location     Type
		None
 Auto vars:     Size  Location     Type
		None
 Return value:  Size  Location     Type
                  4    0[COMRAM] unsigned long 
 Registers used:
		cstack
 Tracked objects:
		On entry : 
		On exit  : 
		Unchanged: 
 Data sizes:     COMRAM   BANK0   BANK1   BANK2   BANK3   BANK4   BANK5   BANK6   BANK7
      Params:         4       0       0       0       0       0       0       0       0
      Locals:         0       0       0       0       0       0       0       0       0
      Temps:          0       0       0       0       0       0       0       0       0
      Totals:         4       0       0       0       0       0       0       0       0
Total ram usage:        4 bytes
 Hardware stack levels used:    1
 Hardware stack levels required when called:    1
 This function calls:
		_tick_read_internal
 This function is called by:
		_main
		_pid_create
		_pid_compute
 This function uses a non-reentrant model


 *************** function _tick_read_internal *****************
 Defined at:
		line 57 in file "C:/Users/Ruben/Dropbox/Electronics/MCULib/PID/Tick/Tick-PIC18.c"
 Parameters:    Size  Location     Type
		None
 Auto vars:     Size  Location     Type
		None
 Return value:  Size  Location     Type
		None               void
 Registers used:
		None
 Tracked objects:
		On entry : 
		On exit  : 
		Unchanged: 
 Data sizes:     COMRAM   BANK0   BANK1   BANK2   BANK3   BANK4   BANK5   BANK6   BANK7
      Params:         0       0       0       0       0       0       0       0       0
      Locals:         0       0       0       0       0       0       0       0       0
      Temps:          0       0       0       0       0       0       0       0       0
      Totals:         0       0       0       0       0       0       0       0       0
Total ram usage:        0 bytes
 Hardware stack levels used:    1
 This function calls:
		Nothing
 This function is called by:
		_tick_get
 This function uses a non-reentrant model


 *************** function _pid_direction *****************
 Defined at:
		line 138 in file "C:/Users/Ruben/Dropbox/Electronics/MCULib/PID/PID.c"
 Parameters:    Size  Location     Type
  pid             2   11[COMRAM] PTR struct pid_controlle
		 -> pidctrl(37), 
  direction       1   13[COMRAM] enum E4687
 Auto vars:     Size  Location     Type
		None
 Return value:  Size  Location     Type
		None               void
 Registers used:
		wreg, fsr2l, fsr2h, status,2, status,0, cstack
 Tracked objects:
		On entry : 
		On exit  : 
		Unchanged: 
 Data sizes:     COMRAM   BANK0   BANK1   BANK2   BANK3   BANK4   BANK5   BANK6   BANK7
      Params:         3       0       0       0       0       0       0       0       0
      Locals:         0       0       0       0       0       0       0       0       0
      Temps:          0       0       0       0       0       0       0       0       0
      Totals:         3       0       0       0       0       0       0       0       0
Total ram usage:        3 bytes
 Hardware stack levels used:    1
 Hardware stack levels required when called:    1
 This function calls:
		___ftneg
 This function is called by:
		_pid_create
 This function uses a non-reentrant model


 *************** function _pid_tune *****************
 Defined at:
		line 78 in file "C:/Users/Ruben/Dropbox/Electronics/MCULib/PID/PID.c"
 Parameters:    Size  Location     Type
  pid             2   38[COMRAM] PTR struct pid_controlle
		 -> pidctrl(37), 
  kp              3   40[COMRAM] float 
  ki              3   43[COMRAM] float 
  kd              3   46[COMRAM] float 
 Auto vars:     Size  Location     Type
  ssec            3   49[COMRAM] float 
 Return value:  Size  Location     Type
		None               void
 Registers used:
		wreg, fsr2l, fsr2h, status,2, status,0, cstack
 Tracked objects:
		On entry : 
		On exit  : 
		Unchanged: 
 Data sizes:     COMRAM   BANK0   BANK1   BANK2   BANK3   BANK4   BANK5   BANK6   BANK7
      Params:        11       0       0       0       0       0       0       0       0
      Locals:         3       0       0       0       0       0       0       0       0
      Temps:          0       0       0       0       0       0       0       0       0
      Totals:        14       0       0       0       0       0       0       0       0
Total ram usage:       14 bytes
 Hardware stack levels used:    1
 Hardware stack levels required when called:    2
 This function calls:
		___lltoft
		___ftdiv
		___ftmul
		___ftneg
 This function is called by:
		_pid_create
 This function uses a non-reentrant model


 *************** function _io_mode *****************
 Defined at:
		line 56 in file "io.c"
 Parameters:    Size  Location     Type
  pin             1    9[COMRAM] unsigned char 
  value           1   10[COMRAM] unsigned char 
 Auto vars:     Size  Location     Type
  num             1   15[COMRAM] unsigned char 
  port            1   14[COMRAM] unsigned char 
  now             1   13[COMRAM] unsigned char 
 Return value:  Size  Location     Type
		None               void
 Registers used:
		wreg, fsr2l, fsr2h, status,2, status,0, tblptrl, tblptrh, tblptru, prodl, prodh, cstack
 Tracked objects:
		On entry : 
		On exit  : 
		Unchanged: 
 Data sizes:     COMRAM   BANK0   BANK1   BANK2   BANK3   BANK4   BANK5   BANK6   BANK7
      Params:         2       0       0       0       0       0       0       0       0
      Locals:         3       0       0       0       0       0       0       0       0
      Temps:          2       0       0       0       0       0       0       0       0
      Totals:         7       0       0       0       0       0       0       0       0
Total ram usage:        7 bytes
 Hardware stack levels used:    1
 Hardware stack levels required when called:    1
 This function calls:
		___awdiv
 This function is called by:
		_tc_init
 This function uses a non-reentrant model


 *************** function _spi_open *****************
 Defined at:
		line 97 in file "C:/Users/Ruben/Dropbox/Electronics/MCULib/PID/SPI/SPI-PIC16.c"
 Parameters:    Size  Location     Type
  spid            1    0[COMRAM] unsigned char 
 Auto vars:     Size  Location     Type
		None
 Return value:  Size  Location     Type
                  1    wreg      unsigned char 
 Registers used:
		status,2
 Tracked objects:
		On entry : 
		On exit  : 
		Unchanged: 
 Data sizes:     COMRAM   BANK0   BANK1   BANK2   BANK3   BANK4   BANK5   BANK6   BANK7
      Params:         1       0       0       0       0       0       0       0       0
      Locals:         0       0       0       0       0       0       0       0       0
      Temps:          1       0       0       0       0       0       0       0       0
      Totals:         2       0       0       0       0       0       0       0       0
Total ram usage:        2 bytes
 Hardware stack levels used:    1
 This function calls:
		Nothing
 This function is called by:
		_tc_init
 This function uses a non-reentrant model


 *************** function _tc_read *****************
 Defined at:
		line 21 in file "tc.c"
 Parameters:    Size  Location     Type
  tcpl            2   38[COMRAM] PTR struct thermocuple_s
		 -> sensor1(2), 
 Auto vars:     Size  Location     Type
  buf             2   41[COMRAM] unsigned int 
 Return value:  Size  Location     Type
                  2   38[COMRAM] int 
 Registers used:
		wreg, fsr2l, fsr2h, status,2, status,0, tblptrl, tblptrh, tblptru, prodl, prodh, cstack
 Tracked objects:
		On entry : 
		On exit  : 
		Unchanged: 
 Data sizes:     COMRAM   BANK0   BANK1   BANK2   BANK3   BANK4   BANK5   BANK6   BANK7
      Params:         2       0       0       0       0       0       0       0       0
      Locals:         2       0       0       0       0       0       0       0       0
      Temps:          1       0       0       0       0       0       0       0       0
      Totals:         5       0       0       0       0       0       0       0       0
Total ram usage:        5 bytes
 Hardware stack levels used:    1
 Hardware stack levels required when called:    2
 This function calls:
		_io_write
		_spi_read_array
 This function is called by:
		_tc_read_float
 This function uses a non-reentrant model


 *************** function _io_write *****************
 Defined at:
		line 71 in file "io.c"
 Parameters:    Size  Location     Type
  pin             1    9[COMRAM] unsigned char 
  value           1   10[COMRAM] unsigned char 
 Auto vars:     Size  Location     Type
  num             1   15[COMRAM] unsigned char 
  port            1   14[COMRAM] unsigned char 
  now             1   13[COMRAM] unsigned char 
 Return value:  Size  Location     Type
		None               void
 Registers used:
		wreg, fsr2l, fsr2h, status,2, status,0, tblptrl, tblptrh, tblptru, prodl, prodh, cstack
 Tracked objects:
		On entry : 
		On exit  : 
		Unchanged: 
 Data sizes:     COMRAM   BANK0   BANK1   BANK2   BANK3   BANK4   BANK5   BANK6   BANK7
      Params:         2       0       0       0       0       0       0       0       0
      Locals:         3       0       0       0       0       0       0       0       0
      Temps:          2       0       0       0       0       0       0       0       0
      Totals:         7       0       0       0       0       0       0       0       0
Total ram usage:        7 bytes
 Hardware stack levels used:    1
 Hardware stack levels required when called:    1
 This function calls:
		___awdiv
 This function is called by:
		_tc_init
		_tc_read
 This function uses a non-reentrant model


 *************** function _spi_read_array *****************
 Defined at:
		line 137 in file "C:/Users/Ruben/Dropbox/Electronics/MCULib/PID/SPI/SPI-PIC16.c"
 Parameters:    Size  Location     Type
  spid            1    1[COMRAM] unsigned char 
  rxbuf           2    2[COMRAM] PTR unsigned char 
		 -> tc_read@buf(2), 
  len             2    4[COMRAM] unsigned int 
 Auto vars:     Size  Location     Type
		None
 Return value:  Size  Location     Type
		None               void
 Registers used:
		wreg, fsr2l, fsr2h, status,2, status,0, cstack
 Tracked objects:
		On entry : 
		On exit  : 
		Unchanged: 
 Data sizes:     COMRAM   BANK0   BANK1   BANK2   BANK3   BANK4   BANK5   BANK6   BANK7
      Params:         5       0       0       0       0       0       0       0       0
      Locals:         0       0       0       0       0       0       0       0       0
      Temps:          0       0       0       0       0       0       0       0       0
      Totals:         5       0       0       0       0       0       0       0       0
Total ram usage:        5 bytes
 Hardware stack levels used:    1
 Hardware stack levels required when called:    1
 This function calls:
		_spi_available
 This function is called by:
		_tc_read
 This function uses a non-reentrant model


 *************** function _spi_available *****************
 Defined at:
		line 166 in file "C:/Users/Ruben/Dropbox/Electronics/MCULib/PID/SPI/SPI-PIC16.c"
 Parameters:    Size  Location     Type
  spid            1    0[COMRAM] unsigned char 
 Auto vars:     Size  Location     Type
		None
 Return value:  Size  Location     Type
                  1    wreg      unsigned char 
 Registers used:
		wreg
 Tracked objects:
		On entry : 
		On exit  : 
		Unchanged: 
 Data sizes:     COMRAM   BANK0   BANK1   BANK2   BANK3   BANK4   BANK5   BANK6   BANK7
      Params:         1       0       0       0       0       0       0       0       0
      Locals:         0       0       0       0       0       0       0       0       0
      Temps:          0       0       0       0       0       0       0       0       0
      Totals:         1       0       0       0       0       0       0       0       0
Total ram usage:        1 bytes
 Hardware stack levels used:    1
 This function calls:
		Nothing
 This function is called by:
		_spi_read_array
		_spi_write
		_spi_read
		_spi_write_array
		_spi_trans
		_spi_trans_array
 This function uses a non-reentrant model


 *************** function ___awdiv *****************
 Defined at:
		line 10 in file "C:\Program Files (x86)\Microchip\xc8\v1.12\sources\awdiv.c"
 Parameters:    Size  Location     Type
  dividend        2    0[COMRAM] int 
  divisor         2    2[COMRAM] int 
 Auto vars:     Size  Location     Type
  quotient        2    7[COMRAM] int 
  sign            1    6[COMRAM] unsigned char 
  counter         1    5[COMRAM] unsigned char 
 Return value:  Size  Location     Type
                  2    0[COMRAM] int 
 Registers used:
		wreg, status,2, status,0
 Tracked objects:
		On entry : 
		On exit  : 
		Unchanged: 
 Data sizes:     COMRAM   BANK0   BANK1   BANK2   BANK3   BANK4   BANK5   BANK6   BANK7
      Params:         4       0       0       0       0       0       0       0       0
      Locals:         4       0       0       0       0       0       0       0       0
      Temps:          1       0       0       0       0       0       0       0       0
      Totals:         9       0       0       0       0       0       0       0       0
Total ram usage:        9 bytes
 Hardware stack levels used:    1
 This function calls:
		Nothing
 This function is called by:
		_io_mode
		_io_write
		_io_read
 This function uses a non-reentrant model


 *************** function ___awtoft *****************
 Defined at:
		line 33 in file "C:\Program Files (x86)\Microchip\xc8\v1.12\sources\awtoft.c"
 Parameters:    Size  Location     Type
  c               2   16[COMRAM] int 
 Auto vars:     Size  Location     Type
  sign            1   20[COMRAM] unsigned char 
 Return value:  Size  Location     Type
                  3   16[COMRAM] float 
 Registers used:
		wreg, status,2, status,0, cstack
 Tracked objects:
		On entry : 
		On exit  : 
		Unchanged: 
 Data sizes:     COMRAM   BANK0   BANK1   BANK2   BANK3   BANK4   BANK5   BANK6   BANK7
      Params:         3       0       0       0       0       0       0       0       0
      Locals:         1       0       0       0       0       0       0       0       0
      Temps:          1       0       0       0       0       0       0       0       0
      Totals:         5       0       0       0       0       0       0       0       0
Total ram usage:        5 bytes
 Hardware stack levels used:    1
 Hardware stack levels required when called:    1
 This function calls:
		___ftpack
 This function is called by:
		_tc_read_float
 This function uses a non-reentrant model


 *************** function ___ftdiv *****************
 Defined at:
		line 50 in file "C:\Program Files (x86)\Microchip\xc8\v1.12\sources\ftdiv.c"
 Parameters:    Size  Location     Type
  f1              3   17[COMRAM] float 
  f2              3   20[COMRAM] float 
 Auto vars:     Size  Location     Type
  f3              3   29[COMRAM] float 
  sign            1   33[COMRAM] unsigned char 
  exp             1   32[COMRAM] unsigned char 
  cntr            1   28[COMRAM] unsigned char 
 Return value:  Size  Location     Type
                  3   17[COMRAM] float 
 Registers used:
		wreg, status,2, status,0, cstack
 Tracked objects:
		On entry : 
		On exit  : 
		Unchanged: 
 Data sizes:     COMRAM   BANK0   BANK1   BANK2   BANK3   BANK4   BANK5   BANK6   BANK7
      Params:         6       0       0       0       0       0       0       0       0
      Locals:         6       0       0       0       0       0       0       0       0
      Temps:          5       0       0       0       0       0       0       0       0
      Totals:        17       0       0       0       0       0       0       0       0
Total ram usage:       17 bytes
 Hardware stack levels used:    1
 Hardware stack levels required when called:    1
 This function calls:
		___ftpack
 This function is called by:
		_pid_tune
		_pid_sample
 This function uses a non-reentrant model


 *************** function ___ftge *****************
 Defined at:
		line 5 in file "C:\Program Files (x86)\Microchip\xc8\v1.12\sources\ftge.c"
 Parameters:    Size  Location     Type
  ff1             3    0[COMRAM] float 
  ff2             3    3[COMRAM] float 
 Auto vars:     Size  Location     Type
		None
 Return value:  Size  Location     Type
		None               void
 Registers used:
		wreg, status,2, status,0
 Tracked objects:
		On entry : 
		On exit  : 
		Unchanged: 
 Data sizes:     COMRAM   BANK0   BANK1   BANK2   BANK3   BANK4   BANK5   BANK6   BANK7
      Params:         6       0       0       0       0       0       0       0       0
      Locals:         0       0       0       0       0       0       0       0       0
      Temps:          3       0       0       0       0       0       0       0       0
      Totals:         9       0       0       0       0       0       0       0       0
Total ram usage:        9 bytes
 Hardware stack levels used:    1
 This function calls:
		Nothing
 This function is called by:
		_pid_compute
		_pid_limits
		_pid_auto
 This function uses a non-reentrant model


 *************** function ___ftmul *****************
 Defined at:
		line 52 in file "C:\Program Files (x86)\Microchip\xc8\v1.12\sources\ftmul.c"
 Parameters:    Size  Location     Type
  f1              3   21[COMRAM] float 
  f2              3   24[COMRAM] float 
 Auto vars:     Size  Location     Type
  f3_as_produc    3   33[COMRAM] unsigned um
  sign            1   37[COMRAM] unsigned char 
  cntr            1   36[COMRAM] unsigned char 
  exp             1   32[COMRAM] unsigned char 
 Return value:  Size  Location     Type
                  3   21[COMRAM] float 
 Registers used:
		wreg, status,2, status,0, cstack
 Tracked objects:
		On entry : 
		On exit  : 
		Unchanged: 
 Data sizes:     COMRAM   BANK0   BANK1   BANK2   BANK3   BANK4   BANK5   BANK6   BANK7
      Params:         6       0       0       0       0       0       0       0       0
      Locals:         6       0       0       0       0       0       0       0       0
      Temps:          5       0       0       0       0       0       0       0       0
      Totals:        17       0       0       0       0       0       0       0       0
Total ram usage:       17 bytes
 Hardware stack levels used:    1
 Hardware stack levels required when called:    1
 This function calls:
		___ftpack
 This function is called by:
		_pid_compute
		_pid_tune
		_tc_read_float
 This function uses a non-reentrant model


 *************** function ___ftneg *****************
 Defined at:
		line 16 in file "C:\Program Files (x86)\Microchip\xc8\v1.12\sources\ftneg.c"
 Parameters:    Size  Location     Type
  f1              3    8[COMRAM] float 
 Auto vars:     Size  Location     Type
		None
 Return value:  Size  Location     Type
                  3    8[COMRAM] float 
 Registers used:
		wreg, status,2, status,0
 Tracked objects:
		On entry : 
		On exit  : 
		Unchanged: 
 Data sizes:     COMRAM   BANK0   BANK1   BANK2   BANK3   BANK4   BANK5   BANK6   BANK7
      Params:         3       0       0       0       0       0       0       0       0
      Locals:         0       0       0       0       0       0       0       0       0
      Temps:          0       0       0       0       0       0       0       0       0
      Totals:         3       0       0       0       0       0       0       0       0
Total ram usage:        3 bytes
 Hardware stack levels used:    1
 This function calls:
		Nothing
 This function is called by:
		_pid_compute
		_pid_tune
		_pid_direction
 This function uses a non-reentrant model


 *************** function ___lltoft *****************
 Defined at:
		line 36 in file "C:\Program Files (x86)\Microchip\xc8\v1.12\sources\lltoft.c"
 Parameters:    Size  Location     Type
  c               4    8[COMRAM] unsigned long 
 Auto vars:     Size  Location     Type
  exp             1   16[COMRAM] unsigned char 
 Return value:  Size  Location     Type
                  3    8[COMRAM] float 
 Registers used:
		wreg, status,2, status,0, cstack
 Tracked objects:
		On entry : 
		On exit  : 
		Unchanged: 
 Data sizes:     COMRAM   BANK0   BANK1   BANK2   BANK3   BANK4   BANK5   BANK6   BANK7
      Params:         4       0       0       0       0       0       0       0       0
      Locals:         1       0       0       0       0       0       0       0       0
      Temps:          4       0       0       0       0       0       0       0       0
      Totals:         9       0       0       0       0       0       0       0       0
Total ram usage:        9 bytes
 Hardware stack levels used:    1
 Hardware stack levels required when called:    1
 This function calls:
		___ftpack
 This function is called by:
		_pid_tune
		_pid_sample
 This function uses a non-reentrant model


 *************** function ___ftpack *****************
 Defined at:
		line 63 in file "C:\Program Files (x86)\Microchip\xc8\v1.12\sources\float.c"
 Parameters:    Size  Location     Type
  arg             3    0[COMRAM] unsigned um
  exp             1    3[COMRAM] unsigned char 
  sign            1    4[COMRAM] unsigned char 
 Auto vars:     Size  Location     Type
		None
 Return value:  Size  Location     Type
                  3    0[COMRAM] float 
 Registers used:
		wreg, status,2, status,0
 Tracked objects:
		On entry : 
		On exit  : 
		Unchanged: 
 Data sizes:     COMRAM   BANK0   BANK1   BANK2   BANK3   BANK4   BANK5   BANK6   BANK7
      Params:         5       0       0       0       0       0       0       0       0
      Locals:         0       0       0       0       0       0       0       0       0
      Temps:          3       0       0       0       0       0       0       0       0
      Totals:         8       0       0       0       0       0       0       0       0
Total ram usage:        8 bytes
 Hardware stack levels used:    1
 This function calls:
		Nothing
 This function is called by:
		___awtoft
		___ftadd
		___ftdiv
		___ftmul
		___lltoft
 This function uses a non-reentrant model


 *************** function ___asftadd *****************
 Defined at:
		line 5 in file "../common/asftadd.c"
 Parameters:    Size  Location     Type
  f1p             2   52[COMRAM] PTR float 
		 -> pidctrl(37), NULL(0), 
  f2              3   54[COMRAM] float 
 Auto vars:     Size  Location     Type
		None
 Return value:  Size  Location     Type
                  3   52[COMRAM] float 
 Registers used:
		wreg, fsr2l, fsr2h, status,2, status,0, cstack
 Tracked objects:
		On entry : 
		On exit  : 
		Unchanged: 
 Data sizes:     COMRAM   BANK0   BANK1   BANK2   BANK3   BANK4   BANK5   BANK6   BANK7
      Params:         5       0       0       0       0       0       0       0       0
      Locals:         0       0       0       0       0       0       0       0       0
      Temps:          0       0       0       0       0       0       0       0       0
      Totals:         5       0       0       0       0       0       0       0       0
Total ram usage:        5 bytes
 Hardware stack levels used:    1
 Hardware stack levels required when called:    2
 This function calls:
		___ftadd
 This function is called by:
		_pid_compute
 This function uses a non-reentrant model


 *************** function ___ftadd *****************
 Defined at:
		line 87 in file "C:\Program Files (x86)\Microchip\xc8\v1.12\sources\ftadd.c"
 Parameters:    Size  Location     Type
  f1              3   38[COMRAM] float 
  f2              3   41[COMRAM] float 
 Auto vars:     Size  Location     Type
  exp1            1   51[COMRAM] unsigned char 
  exp2            1   50[COMRAM] unsigned char 
  sign            1   49[COMRAM] unsigned char 
 Return value:  Size  Location     Type
                  3   38[COMRAM] float 
 Registers used:
		wreg, status,2, status,0, cstack
 Tracked objects:
		On entry : 
		On exit  : 
		Unchanged: 
 Data sizes:     COMRAM   BANK0   BANK1   BANK2   BANK3   BANK4   BANK5   BANK6   BANK7
      Params:         6       0       0       0       0       0       0       0       0
      Locals:         3       0       0       0       0       0       0       0       0
      Temps:          5       0       0       0       0       0       0       0       0
      Totals:        14       0       0       0       0       0       0       0       0
Total ram usage:       14 bytes
 Hardware stack levels used:    1
 Hardware stack levels required when called:    1
 This function calls:
		___ftpack
 This function is called by:
		_pid_compute
		___asftadd
 This function uses a non-reentrant model



MODULE INFORMATION

Module		Function		Class		Link	Load	Size
C:/Users/Ruben/Dropbox/Electronics/MCULib/PID/SPI/SPI-PIC16.c
		_spi_control   		CODE           	1828	0000	302
		_spi_open      		CODE           	2258	0000	18
		_spi_init      		CODE           	20A8	0000	70
		_spi_available 		CODE           	227C	0000	16
		_spi_read_array		CODE           	20EE	0000	70

C:/Users/Ruben/Dropbox/Electronics/MCULib/PID/SPI/SPI-PIC16.c estimated size: 476

C:/Users/Ruben/Dropbox/Electronics/MCULib/PID/PID.c
		_pid_compute   		CODE           	080A	0000	1060
		_pid_limits    		CODE           	0C2E	0000	582
		_pid_auto      		CODE           	1448	0000	348
		_pid_create    		CODE           	15A4	0000	326
		_pid_tune      		CODE           	10AE	0000	474
		_pid_direction 		CODE           	1B62	0000	228

C:/Users/Ruben/Dropbox/Electronics/MCULib/PID/PID.c estimated size: 3018

io.c
		_io_mode       		CODE           	1D02	0000	168
		_io_write      		CODE           	1DAA	0000	168

io.c estimated size: 336

C:\Program Files (x86)\Microchip\xc8\v1.12\sources\ftdiv.c
		___ftdiv       		CODE           	1956	0000	286

C:\Program Files (x86)\Microchip\xc8\v1.12\sources\ftdiv.c estimated size: 286

../common/asftadd.c
		___asftadd     		CODE           	2178	0000	62

../common/asftadd.c estimated size: 62

C:\Program Files (x86)\Microchip\xc8\v1.12\sources\awtoft.c
		___awtoft      		CODE           	205C	0000	76

C:\Program Files (x86)\Microchip\xc8\v1.12\sources\awtoft.c estimated size: 76

C:\Program Files (x86)\Microchip\xc8\v1.12\sources\ftneg.c
		___ftneg       		CODE           	2216	0000	42

C:\Program Files (x86)\Microchip\xc8\v1.12\sources\ftneg.c estimated size: 42

shared
		_mask          		SMALLCONST     	0800	0000	8
		__initializatio		CODE           	21B6	0000	44

shared estimated size: 52

C:\Program Files (x86)\Microchip\xc8\v1.12\sources\lltoft.c
		___lltoft      		CODE           	1F8A	0000	110

C:\Program Files (x86)\Microchip\xc8\v1.12\sources\lltoft.c estimated size: 110

C:\Program Files (x86)\Microchip\xc8\v1.12\sources\ftmul.c
		___ftmul       		CODE           	16EA	0000	318

C:\Program Files (x86)\Microchip\xc8\v1.12\sources\ftmul.c estimated size: 318

main.c
		_main          		CODE           	1288	0000	448

main.c estimated size: 448

C:\Program Files (x86)\Microchip\xc8\v1.12\sources\ftge.c
		___ftge        		CODE           	1E52	0000	164

C:\Program Files (x86)\Microchip\xc8\v1.12\sources\ftge.c estimated size: 164

C:/Users/Ruben/Dropbox/Electronics/MCULib/PID/Tick/Tick-PIC18.c
		_tick_get      		CODE           	2240	0000	24
		_tick_read_inte		CODE           	21EC	0000	42

C:/Users/Ruben/Dropbox/Electronics/MCULib/PID/Tick/Tick-PIC18.c estimated size: 66

C:\Program Files (x86)\Microchip\xc8\v1.12\sources\awdiv.c
		___awdiv       		CODE           	1C46	0000	188

C:\Program Files (x86)\Microchip\xc8\v1.12\sources\awdiv.c estimated size: 188

C:\Program Files (x86)\Microchip\xc8\v1.12\sources\ftadd.c
		___ftadd       		CODE           	0E74	0000	570

C:\Program Files (x86)\Microchip\xc8\v1.12\sources\ftadd.c estimated size: 570

C:\Program Files (x86)\Microchip\xc8\v1.12\sources\float.c
		___ftpack      		CODE           	1A74	0000	238

C:\Program Files (x86)\Microchip\xc8\v1.12\sources\float.c estimated size: 238

tc.c
		_tc_read_float 		CODE           	2134	0000	68
		_tc_init       		CODE           	1FF8	0000	100
		_tc_read       		CODE           	1EF6	0000	148

tc.c estimated size: 316

