Microchip MPLAB XC8 Compiler V1.12 ()

Linker command line:

--edf=C:\Program Files (x86)\Microchip\xc8\v1.12\dat\en_msgs.txt -cs \
  -h+dist/default/production\pid-demo-pic18.X.production.sym -z -w9 --norlf \
  -Q18F2550 -Mdist/default/production/pid-demo-pic18.X.production.map -E1 \
  -ver=XC8 -ACODE=00h-07FFFh -ACONST=00h-07FFFh \
  -ASMALLCONST=0800h-08FFhx120 -AMEDIUMCONST=0800h-07FFFh -ACOMRAM=01h-05Fh \
  -AABS1=00h-07FFh -ABIGRAM=01h-07FFh -ARAM=060h-0FFh,0100h-01FFhx7 \
  -ABANK0=060h-0FFh -ABANK1=0100h-01FFh -ABANK2=0200h-02FFh \
  -ABANK3=0300h-03FFh -ABANK4=0400h-04FFh -ABANK5=0500h-05FFh \
  -ABANK6=0600h-06FFh -ABANK7=0700h-07FFh -ASFR=0F60h-0FFFh \
  -preset_vec=00h,intcode,intcodelo,powerup,init,end_init -pramtop=0800h \
  -psmallconst=SMALLCONST -pmediumconst=MEDIUMCONST -pconst=CONST \
  -AFARRAM=00h-00h -ACONFIG=0300000h-030000Dh -pconfig=CONFIG \
  -AIDLOC=0200000h-0200007h -pidloc=IDLOC -AEEDATA=0F00000h-0F000FFh \
  -peeprom_data=EEDATA \
  -prdata=COMRAM,nvrram=COMRAM,nvbit=COMRAM,rbss=COMRAM,rbit=COMRAM \
  -pfarbss=FARRAM,fardata=FARRAM \
  -pintsave_regs=BIGRAM,bigbss=BIGRAM,bigdata=BIGRAM -pbss=RAM \
  -pidata=CODE,irdata=CODE,ibigdata=CODE,ifardata=CODE \
  C:\Users\Ruben\AppData\Local\Temp\s72o.obj \
  dist/default/production\pid-demo-pic18.X.production.obj 

Object code version is 3.10

Machine type is 18F2550

Call graph: (short form)




                Name                               Link     Load   Length Selector   Space Scale
C:\Users\Ruben\AppData\Local\Temp\s72o.obj
                end_init                              0        0        4        0       0
dist/default/production\pid-demo-pic18.X.production.obj
                text17                             79A2     79A2      23A     3CD1       0
                text16                             6B6A     6B6A       3E     35B5       0
                text15                             6DEA     6DEA       EE     36F5       0
                text14                             6BF4     6BF4       6E     35FA       0
                text13                             6B16     6B16       2A     358B       0
                text12                             6FF6     6FF6      13E     37FB       0
                text11                             6C62     6C62       A4     3631       0
                text10                             6ED8     6ED8      11E     376C       0
                text9                              6BA8     6BA8       4C     35D4       0
                text8                              75AA     75AA      1DA     3AD5       0
                text7                              6D06     6D06       E4     3683       0
                text6                              6B40     6B40       2A     35A0       0
                text5                              6AFE     6AFE       18     357F       0
                text4                              7BDC     7BDC      424     3DEE       0
                text3                              727A     727A      15C     393D       0
                text2                              73D6     73D6      1D4     39EB       0
                text1                              7134     7134      146     389A       0
                cstackCOMRAM                          1        1       5D        1       1
                cstackBANK0                          60       60       42       60       1
                bssBANK0                             A2       A2        A       60       1
                cinit                              6AEC     6AEC       12     3576       0
                text0                              7784     7784      21E     3BC2       0

TOTAL           Name                               Link     Load   Length     Space
        CLASS   CODE           
                end_init                              0        0        4         0
                text17                             79A2     79A2      23A         0
                text16                             6B6A     6B6A       3E         0
                text15                             6DEA     6DEA       EE         0
                text14                             6BF4     6BF4       6E         0
                text13                             6B16     6B16       2A         0
                text12                             6FF6     6FF6      13E         0
                text11                             6C62     6C62       A4         0
                text10                             6ED8     6ED8      11E         0
                text9                              6BA8     6BA8       4C         0
                text8                              75AA     75AA      1DA         0
                text7                              6D06     6D06       E4         0
                text6                              6B40     6B40       2A         0
                text5                              6AFE     6AFE       18         0
                text4                              7BDC     7BDC      424         0
                text3                              727A     727A      15C         0
                text2                              73D6     73D6      1D4         0
                text1                              7134     7134      146         0
                cinit                              6AEC     6AEC       12         0
                text0                              7784     7784      21E         0

        CLASS   CONST          

        CLASS   SMALLCONST     

        CLASS   MEDIUMCONST    

        CLASS   COMRAM         
                cstackCOMRAM                          1        1       5D         1

        CLASS   ABS1           

        CLASS   BIGRAM         

        CLASS   RAM            

        CLASS   BANK0          
                cstackBANK0                          60       60       42         1
                bssBANK0                             A2       A2        A         1

        CLASS   BANK1          

        CLASS   BANK2          

        CLASS   BANK3          

        CLASS   BANK4          

        CLASS   BANK5          

        CLASS   BANK6          

        CLASS   BANK7          

        CLASS   SFR            

        CLASS   FARRAM         

        CLASS   CONFIG         

        CLASS   IDLOC          

        CLASS   EEDATA         



SEGMENTS        Name                           Load    Length   Top    Selector   Space  Class

                reset_vec                      000000  000004  000004         0       0  CODE    
                cstackCOMRAM                   000001  00005D  00005E         1       1  COMRAM  
                cstackBANK0                    000060  00004C  0000AC        60       1  BANK0   
                cinit                          006AEC  000012  006AFE      3576       0  CODE    
                text5                          006AFE  000018  006B16      357F       0  CODE    
                text13                         006B16  00002A  006B40      358B       0  CODE    
                text6                          006B40  00002A  006B6A      35A0       0  CODE    
                text16                         006B6A  00003E  006BA8      35B5       0  CODE    
                text9                          006BA8  00004C  006BF4      35D4       0  CODE    
                text14                         006BF4  00006E  006C62      35FA       0  CODE    
                text11                         006C62  0000A4  006D06      3631       0  CODE    
                text7                          006D06  0000E4  006DEA      3683       0  CODE    
                text15                         006DEA  0000EE  006ED8      36F5       0  CODE    
                text10                         006ED8  00011E  006FF6      376C       0  CODE    
                text12                         006FF6  00013E  007134      37FB       0  CODE    
                text1                          007134  000146  00727A      389A       0  CODE    
                text3                          00727A  00015C  0073D6      393D       0  CODE    
                text2                          0073D6  0001D4  0075AA      39EB       0  CODE    
                text8                          0075AA  0001DA  007784      3AD5       0  CODE    
                text0                          007784  00021E  0079A2      3BC2       0  CODE    
                text17                         0079A2  00023A  007BDC      3CD1       0  CODE    
                text4                          007BDC  000424  008000      3DEE       0  CODE    


UNUSED ADDRESS RANGES

        Name                Unused          Largest block    Delta
        BANK0            00AC-00FF             54
        BANK1            0100-01FF            100
        BANK2            0200-02FF            100
        BANK3            0300-03FF            100
        BANK4            0400-04FF            100
        BANK5            0500-05FF            100
        BANK6            0600-06FF            100
        BANK7            0700-07FF            100
        BIGRAM           005E-005F              2
                         00AC-07FF            754
        CODE             0004-6AEB           6AE8
        COMRAM           005E-005F              2
        CONFIG           300000-30000D              E
        CONST            0004-6AEB           6AE8
        EEDATA           F00000-F000FF            100
        IDLOC            200000-200007              8
        MEDIUMCONST      0800-6AEB           62EC
        RAM              00AC-07FF            100
        SFR              0F60-0FFF             A0
        SMALLCONST       0800-6AEB            100

                                  Symbol Table

__HRAM                       (abs)        0000
__Habs1                      abs1         0000
__Hbank0                     bank0        0000
__Hbank1                     bank1        0000
__Hbank2                     bank2        0000
__Hbank3                     bank3        0000
__Hbank4                     bank4        0000
__Hbank5                     bank5        0000
__Hbank6                     bank6        0000
__Hbank7                     bank7        0000
__Hbigbss                    bigbss       0000
__Hbigdata                   bigdata      0000
__Hbigram                    bigram       0000
__Hbss                       bss          0000
__HbssBANK0                  bssBANK0     0000
__Hcinit                     cinit        0000
__Hclrtext                   clrtext      0000
__Hcomram                    comram       0000
__Hconfig                    config       0000
__Hconst                     const        0000
__HcstackBANK0               cstackBANK0  0000
__HcstackCOMRAM              cstackCOMRAM 0000
__Hdata                      data         0000
__Heeprom_data               eeprom_data  0000
__Hfarbss                    farbss       0000
__Hfardata                   fardata      0000
__Hibigdata                  ibigdata     0000
__Hidata                     idata        0000
__Hidloc                     idloc        0000
__Hifardata                  ifardata     0000
__Hinit                      init         0000
__Hintcode                   intcode      0000
__Hintcode_body              intcode_body 0000
__Hintcodelo                 intcodelo    0000
__Hintentry                  intentry     0000
__Hintret                    intret       0000
__Hintsave_regs              intsave_regs 0000
__Hirdata                    irdata       0000
__Hmediumconst               mediumconst  0000
__Hnvbit                     nvbit        0000
__Hnvrram                    nvrram       0000
__Hparam                     rparam       0000
__Hpowerup                   powerup      0000
__Hram                       ram          0000
__Hrbit                      rbit         0000
__Hrbss                      rbss         0000
__Hrdata                     rdata        0000
__Hreset_vec                 reset_vec    0000
__Hrparam                    rparam       0000
__Hsfr                       sfr          0000
__Hsmallconst                smallconst   0000
__Hstruct                    struct       0000
__Htemp                      temp         0000
__Htext                      text         0000
__Htext0                     text0        0000
__Htext1                     text1        0000
__Htext10                    text10       0000
__Htext11                    text11       0000
__Htext12                    text12       0000
__Htext13                    text13       0000
__Htext14                    text14       0000
__Htext15                    text15       0000
__Htext16                    text16       0000
__Htext17                    text17       0000
__Htext18                    text18       0000
__Htext2                     text2        0000
__Htext3                     text3        0000
__Htext4                     text4        0000
__Htext5                     text5        0000
__Htext6                     text6        0000
__Htext7                     text7        0000
__Htext8                     text8        0000
__Htext9                     text9        0000
__Labs1                      abs1         0000
__Lbank0                     bank0        0000
__Lbank1                     bank1        0000
__Lbank2                     bank2        0000
__Lbank3                     bank3        0000
__Lbank4                     bank4        0000
__Lbank5                     bank5        0000
__Lbank6                     bank6        0000
__Lbank7                     bank7        0000
__Lbigbss                    bigbss       0000
__Lbigdata                   bigdata      0000
__Lbigram                    bigram       0000
__Lbss                       bss          0000
__LbssBANK0                  bssBANK0     0000
__Lcinit                     cinit        0000
__Lclrtext                   clrtext      0000
__Lcomram                    comram       0000
__Lconfig                    config       0000
__Lconst                     const        0000
__LcstackBANK0               cstackBANK0  0000
__LcstackCOMRAM              cstackCOMRAM 0000
__Ldata                      data         0000
__Leeprom_data               eeprom_data  0000
__Lend_init                  end_init     0000
__Lfarbss                    farbss       0000
__Lfardata                   fardata      0000
__Libigdata                  ibigdata     0000
__Lidata                     idata        0000
__Lidloc                     idloc        0000
__Lifardata                  ifardata     0000
__Linit                      init         0000
__Lintcode                   intcode      0000
__Lintcode_body              intcode_body 0000
__Lintcodelo                 intcodelo    0000
__Lintentry                  intentry     0000
__Lintret                    intret       0000
__Lintsave_regs              intsave_regs 0000
__Lirdata                    irdata       0000
__Lmediumconst               mediumconst  0000
__Lnvbit                     nvbit        0000
__Lnvrram                    nvrram       0000
__Lparam                     rparam       0000
__Lpowerup                   powerup      0000
__Lram                       ram          0000
__Lrbit                      rbit         0000
__Lrbss                      rbss         0000
__Lrdata                     rdata        0000
__Lreset_vec                 reset_vec    0000
__Lrparam                    rparam       0000
__Lsfr                       sfr          0000
__Lsmallconst                smallconst   0000
__Lstruct                    struct       0000
__Ltemp                      temp         0000
__Ltext                      text         0000
__Ltext0                     text0        0000
__Ltext1                     text1        0000
__Ltext10                    text10       0000
__Ltext11                    text11       0000
__Ltext12                    text12       0000
__Ltext13                    text13       0000
__Ltext14                    text14       0000
__Ltext15                    text15       0000
__Ltext16                    text16       0000
__Ltext17                    text17       0000
__Ltext18                    text18       0000
__Ltext2                     text2        0000
__Ltext3                     text3        0000
__Ltext4                     text4        0000
__Ltext5                     text5        0000
__Ltext6                     text6        0000
__Ltext7                     text7        0000
__Ltext8                     text8        0000
__Ltext9                     text9        0000
__activetblptr               (abs)        0000
__mediumconst                mediumconst  0000
__ptext18                    text18       0000
__size_of___asftadd          (abs)        0000
__size_of___awtoft           (abs)        0000
__size_of___ftadd            (abs)        0000
__size_of___ftdiv            (abs)        0000
__size_of___ftge             (abs)        0000
__size_of___ftmul            (abs)        0000
__size_of___ftneg            (abs)        0000
__size_of___ftpack           (abs)        0000
__size_of___lltoft           (abs)        0000
__size_of_main               (abs)        0000
__size_of_pid_auto           (abs)        0000
__size_of_pid_compute        (abs)        0000
__size_of_pid_create         (abs)        0000
__size_of_pid_direction      (abs)        0000
__size_of_pid_limits         (abs)        0000
__size_of_pid_tune           (abs)        0000
__size_of_tick_get           (abs)        0000
__size_of_tick_read_internal (abs)        0000
__smallconst                 smallconst   0000
_tc_init                                      
_tc_read                                      
intlevel0                    text         0000
intlevel1                    text         0000
intlevel2                    text         0000
intlevel3                    text         0000
start                        init         0000
?___ftge                     cstackCOMRAM 0001
?___ftpack                   cstackCOMRAM 0001
?_tc_init                    cstackCOMRAM 0001
?_tc_read                    cstackCOMRAM 0001
?_tick_get                   cstackCOMRAM 0001
__LRAM                       (abs)        0001
___ftge@ff1                  cstackCOMRAM 0001
___ftpack@arg                cstackCOMRAM 0001
__pcstackCOMRAM              cstackCOMRAM 0001
__Hend_init                  end_init     0004
___ftge@ff2                  cstackCOMRAM 0004
___ftpack@exp                cstackCOMRAM 0004
___ftpack@sign               cstackCOMRAM 0005
?___awtoft                   cstackCOMRAM 0009
?___ftneg                    cstackCOMRAM 0009
?___lltoft                   cstackCOMRAM 0009
___awtoft@c                  cstackCOMRAM 0009
___ftneg@f1                  cstackCOMRAM 0009
___lltoft@c                  cstackCOMRAM 0009
?_pid_auto                   cstackCOMRAM 000A
?_pid_limits                 cstackCOMRAM 000A
pid_auto@pid                 cstackCOMRAM 000A
pid_limits@pid               cstackCOMRAM 000A
?___ftmul                    cstackCOMRAM 000C
?_pid_direction              cstackCOMRAM 000C
___ftmul@f1                  cstackCOMRAM 000C
pid_direction@pid            cstackCOMRAM 000C
pid_limits@min               cstackCOMRAM 000C
___awtoft@sign               cstackCOMRAM 000D
pid_direction@direction      cstackCOMRAM 000E
___ftmul@f2                  cstackCOMRAM 000F
pid_limits@max               cstackCOMRAM 000F
___lltoft@exp                cstackCOMRAM 0011
?___ftdiv                    cstackCOMRAM 0012
___ftdiv@f1                  cstackCOMRAM 0012
___ftdiv@f2                  cstackCOMRAM 0015
___ftmul@exp                 cstackCOMRAM 0017
___ftmul@f3_as_product       cstackCOMRAM 0018
___ftmul@cntr                cstackCOMRAM 001B
___ftmul@sign                cstackCOMRAM 001C
?___ftadd                    cstackCOMRAM 001D
___ftadd@f1                  cstackCOMRAM 001D
___ftdiv@cntr                cstackCOMRAM 001D
___ftdiv@f3                  cstackCOMRAM 001E
___ftadd@f2                  cstackCOMRAM 0020
___ftdiv@exp                 cstackCOMRAM 0021
___ftdiv@sign                cstackCOMRAM 0022
?_pid_tune                   cstackCOMRAM 0023
___ftadd@sign                cstackCOMRAM 0028
___ftadd@exp2                cstackCOMRAM 0029
___ftadd@exp1                cstackCOMRAM 002A
?___asftadd                  cstackCOMRAM 002B
___asftadd@f1p               cstackCOMRAM 002B
___asftadd@f2                cstackCOMRAM 002D
?_pid_compute                cstackCOMRAM 0030
?_pid_create                 cstackCOMRAM 0031
_pid_compute$964             cstackCOMRAM 0041
__accesstop                  (abs)        0060
__pcstackBANK0               cstackBANK0  0060
pid_tune@pid                 cstackCOMRAM 0023
pid_tune@kp                  cstackCOMRAM 0025
pid_tune@ki                  cstackCOMRAM 0028
pid_tune@kd                  cstackCOMRAM 002B
pid_tune@ssec                cstackCOMRAM 002E
pid_compute@pid              cstackCOMRAM 0030
pid_create@pid               cstackCOMRAM 0031
pid_create@in                cstackCOMRAM 0033
pid_create@out               cstackCOMRAM 0035
pid_create@set               cstackCOMRAM 0037
pid_create@kp                cstackCOMRAM 0039
pid_create@ki                cstackCOMRAM 003C
pid_compute@dinput           cstackCOMRAM 003E
pid_create@kd                cstackCOMRAM 003F
pid_compute@now              cstackCOMRAM 0044
pid_compute@error            cstackCOMRAM 0048
pid_compute@in               cstackCOMRAM 004B
pid_compute@out              cstackCOMRAM 004E
main@input2                  cstackBANK0  0060
main@pid2                    cstackBANK0  0063
main@lastrun                 cstackBANK0  0065
main@tcpl1                   cstackBANK0  0069
main@tcpl2                   cstackBANK0  006D
main@setpoint                cstackBANK0  0071
main@input1                  cstackBANK0  0074
main@output                  cstackBANK0  0077
main@spi                     cstackBANK0  007A
main@pid1                    cstackBANK0  007B
main@pidcontrol1             cstackBANK0  007D
__pbssBANK0                  bssBANK0     00A2
_tickbuffer                  bssBANK0     00A2
_tickcnt                     bssBANK0     00A8
__S1                         (abs)        00AC
__Hramtop                    ramtop       0800
__Lramtop                    ramtop       0800
__ramtop                     ramtop       0800
_T0CON                       (abs)        0FD5
_TMR0L                       (abs)        0FD6
_TMR0H                       (abs)        0FD7
_INTCON2bits                 (abs)        0FF1
_INTCONbits                  (abs)        0FF2
__initialization             cinit        6AEC
__pcinit                     cinit        6AEC
__end_of__initialization     cinit        6AF8
end_of_initialization        cinit        6AF8
__ptext5                     text5        6AFE
_tick_get                    text5        6AFE
___ftneg                     text13       6B16
__end_of_tick_get            text5        6B16
__ptext13                    text13       6B16
__end_of___ftneg             text13       6B40
__ptext6                     text6        6B40
_tick_read_internal          text6        6B40
___asftadd                   text16       6B6A
__end_of_tick_read_internal  text6        6B6A
__ptext16                    text16       6B6A
___awtoft                    text9        6BA8
__end_of___asftadd           text16       6BA8
__ptext9                     text9        6BA8
___lltoft                    text14       6BF4
__end_of___awtoft            text9        6BF4
__ptext14                    text14       6BF4
___ftge                      text11       6C62
__end_of___lltoft            text14       6C62
__ptext11                    text11       6C62
__end_of___ftge              text11       6D06
__ptext7                     text7        6D06
_pid_direction               text7        6D06
___ftpack                    text15       6DEA
__end_of_pid_direction       text7        6DEA
__ptext15                    text15       6DEA
___ftdiv                     text10       6ED8
__end_of___ftpack            text15       6ED8
__ptext10                    text10       6ED8
___ftmul                     text12       6FF6
__end_of___ftdiv             text10       6FF6
__ptext12                    text12       6FF6
__end_of___ftmul             text12       7134
__ptext1                     text1        7134
_pid_create                  text1        7134
__end_of_pid_create          text1        727A
__ptext3                     text3        727A
_pid_auto                    text3        727A
__end_of_pid_auto            text3        73D6
__ptext2                     text2        73D6
_pid_limits                  text2        73D6
__end_of_pid_limits          text2        75AA
__ptext8                     text8        75AA
_pid_tune                    text8        75AA
__end_of_pid_tune            text8        7784
__ptext0                     text0        7784
_main                        text0        7784
___ftadd                     text17       79A2
__end_of_main                text0        79A2
__ptext17                    text17       79A2
__end_of___ftadd             text17       7BDC
__ptext4                     text4        7BDC
_pid_compute                 text4        7BDC
__S0                         (abs)        8000
__end_of_pid_compute         text4        8000
start_initialization         cinit        6AEC
